dependency-check/commands=ok
env-parse/file=ok
endpoint-select/context=ok
compose-render/ENGINE_ID=ok
compose-version/cli=ok
compose-render/model=ok
config-matrix/AUTH_TOKEN_SECRET=ok
config-matrix/SEED_ADMIN_PASSWORD=ok
config-matrix/TELEGRAM=disabled
config-matrix/HTTP_ADDR=public-bind-attention
config-matrix/AVATAR_STORAGE=ok
config-matrix/POSTGRES=ok
config-matrix/DATABASE_URL=ignored-attention
complete/preflight=ok
stage/backup-pg-dump=pass
stage/backup-avatar-tar=pass
stage/backup-manifest=pass
stage/backup-package-verify=pass
stage/backup-publish=pass
stage/backup-package=published-valid
stage/target-hash=53c5c802bd1e5edfcd6a4c3b1b0b738ae218edec4cf96c08b4cec4cde7d82a2d
stage/complete=pass
