case=OPS-PF-BIN-INIT-OK exit=0 stage=complete fault=none
case=OPS-PF-BIN-EMPTY-OK exit=0 stage=complete fault=none
case=OPS-PF-BIN-LOOPBACK-WARN exit=0 stage=complete fault=none
case=OPS-PF-BIN-IGNORED-WARN exit=0 stage=complete fault=none
case=OPS-PF-HTTP-BIN-PUBLIC-WARN exit=0 stage=complete fault=none
case=OPS-PF-AVATAR-BIN-MOUNT-FALSE-WARN exit=0 stage=complete fault=none
case=OPS-PF-AVATAR-BIN-REPO-WARN exit=0 stage=complete fault=none
case=OPS-PF-MANAGED-INIT-OK exit=0 stage=complete fault=none
case=OPS-PF-MANAGED-EMPTY-OK exit=0 stage=complete fault=none
case=OPS-PF-MANAGED-IGNORED-DB exit=0 stage=complete fault=none
case=OPS-PF-EXTERNAL-INIT-OK exit=0 stage=complete fault=none
case=OPS-PF-EXTERNAL-EMPTY-OK exit=0 stage=complete fault=none
case=OPS-PF-EXTERNAL-IGNORED-POSTGRES exit=0 stage=complete fault=none
case=OPS-PF-TG-DISABLED-OK exit=0 stage=complete fault=none
case=OPS-PF-TG-ENABLED-OK exit=0 stage=complete fault=none
case=OPS-PF-SELECTOR-LOCAL-ALIAS exit=0 stage=complete fault=none
case=OPS-PF-SELECTOR-ARGV-PINNED exit=0 stage=complete fault=none
case=OPS-PF-ENV-INJECTION-DATA exit=0 stage=complete fault=none
case=OPS-PF-USAGE-MISSING-MODE exit=2 stage=usage fault=none
case=OPS-PF-USAGE-MISSING-CONTEXT exit=2 stage=endpoint-select fault=none
case=OPS-PF-ENV-READ exit=3 stage=env-parse fault=none
case=OPS-PF-ENV-DUPLICATE exit=3 stage=env-parse fault=none
case=OPS-PF-ENV-INVALID-KEY exit=3 stage=env-parse fault=none
case=OPS-PF-ENV-UNCLOSED-QUOTE exit=3 stage=env-parse fault=none
case=OPS-PF-SELECTOR-REMOTE-TCP exit=2 stage=endpoint-select fault=endpoint-tcp
case=OPS-PF-SELECTOR-REMOTE-SSH exit=2 stage=endpoint-select fault=endpoint-ssh
case=OPS-PF-SELECTOR-DOCKER-HOST-TCP exit=2 stage=endpoint-select fault=none
case=OPS-PF-SELECTOR-DOCKER-HOST-SSH exit=2 stage=endpoint-select fault=none
case=OPS-PF-SELECTOR-DOCKER-CONTEXT exit=2 stage=endpoint-select fault=none
case=OPS-PF-SELECTOR-DOCKER-TLS exit=2 stage=endpoint-select fault=none
case=OPS-PF-SELECTOR-FLAG-ENV-CONFLICT exit=2 stage=endpoint-select fault=none
case=OPS-PF-COMPOSE-VERSION exit=5 stage=compose-version fault=compose-version-old
case=OPS-PF-COMPOSE-RENDER exit=5 stage=compose-render fault=none
case=OPS-PF-COMPOSE-SERVICE exit=5 stage=compose-render fault=none
case=OPS-PF-COMPOSE-VOLUME exit=5 stage=compose-render fault=none
case=OPS-PF-COMPOSE-ENVFILE exit=5 stage=compose-render fault=none
case=OPS-PF-SEED-EMPTY-MISSING exit=4 stage=config-matrix fault=none
case=OPS-PF-SEED-EMPTY-SHORT exit=4 stage=config-matrix fault=none
case=OPS-PF-SEED-EMPTY-SENTINEL exit=4 stage=config-matrix fault=none
case=OPS-PF-SEED-INIT-NONEMPTY exit=4 stage=config-matrix fault=none
case=OPS-PF-BIN-DATABASE-MISSING exit=4 stage=config-matrix fault=none
case=OPS-PF-BIN-DATABASE-DEV exit=4 stage=config-matrix fault=none
case=OPS-PF-BIN-DATABASE-REMOTE-NOSSL exit=4 stage=config-matrix fault=none
case=OPS-PF-MANAGED-APPDB-NONEMPTY exit=4 stage=config-matrix fault=none
case=OPS-PF-MANAGED-PGUSER-MISSING exit=4 stage=config-matrix fault=none
case=OPS-PF-MANAGED-PGDB-MISSING exit=4 stage=config-matrix fault=none
case=OPS-PF-MANAGED-PGPASSWORD-MISSING exit=4 stage=config-matrix fault=none
case=OPS-PF-MANAGED-PGPASSWORD-DEV exit=4 stage=config-matrix fault=none
case=OPS-PF-EXTERNAL-APPDB-MISSING exit=4 stage=config-matrix fault=none
case=OPS-PF-EXTERNAL-APPDB-DEV exit=4 stage=config-matrix fault=none
case=OPS-PF-EXTERNAL-APPDB-REMOTE-NOSSL exit=4 stage=config-matrix fault=none
case=OPS-PF-AUTH-MISSING exit=4 stage=config-matrix fault=none
case=OPS-PF-AUTH-SHORT exit=4 stage=config-matrix fault=none
case=OPS-PF-AUTH-SENTINEL exit=4 stage=config-matrix fault=none
case=OPS-PF-HTTP-COMPOSE-ADDR exit=4 stage=config-matrix fault=none
case=OPS-PF-AVATAR-DRIVER exit=4 stage=config-matrix fault=none
case=OPS-PF-AVATAR-BIN-ROOT-RELATIVE exit=4 stage=config-matrix fault=none
case=OPS-PF-AVATAR-BIN-ROOT-MISSING exit=4 stage=config-matrix fault=none
case=OPS-PF-AVATAR-BIN-ROOT-PERMISSION exit=4 stage=config-matrix fault=none
case=OPS-PF-AVATAR-COMPOSE-ROOT exit=4 stage=config-matrix fault=none
case=OPS-PF-AVATAR-COMPOSE-MOUNT exit=4 stage=config-matrix fault=none
case=OPS-PF-AVATAR-COMPOSE-REQUIRE-MOUNT exit=4 stage=config-matrix fault=none
case=OPS-PF-TG-HALF exit=4 stage=config-matrix fault=none
case=OPS-PF-TG-USERNAME exit=4 stage=config-matrix fault=none
case=OPS-PF-TG-TOKEN-EXAMPLE exit=4 stage=config-matrix fault=none
case=OPS-PF-CMD-MISSING exit=6 stage=dependency-check fault=none
case=OPS-BK-SUCCESS-RUNNING exit=0 stage=complete fault=none
case=OPS-BK-SUCCESS-EXITED exit=0 stage=complete fault=none
case=OPS-BK-CMD-MISSING exit=6 stage=dependency-check fault=none
case=OPS-BK-PATH-EMPTY exit=2 stage=path-validate fault=none
case=OPS-BK-PATH-ROOT exit=2 stage=path-validate fault=none
case=OPS-BK-PATH-PROJECT-ROOT exit=2 stage=path-validate fault=none
case=OPS-BK-PATH-PARENT-MISSING exit=2 stage=path-validate fault=none
case=OPS-BK-PATH-LEAF-EXISTS exit=2 stage=path-validate fault=none
case=OPS-BK-PATH-SYMLINK exit=2 stage=path-validate fault=none
case=OPS-BK-PATH-SPECIAL exit=2 stage=path-validate fault=none
case=OPS-BK-PATH-AVATAR-OVERLAP exit=5 stage=target-identity fault=overlap-avatar
case=OPS-BK-PATH-PG-OVERLAP exit=5 stage=target-identity fault=overlap-pg
case=OPS-BK-FAIL-PGDUMP exit=8 stage=backup-pg-dump fault=backup-pgdump
case=OPS-BK-FAIL-AVATAR-TAR exit=8 stage=backup-avatar-tar fault=backup-avatar-tar
case=OPS-BK-FAIL-MANIFEST exit=8 stage=backup-manifest fault=backup-manifest
case=OPS-BK-FAIL-HEALTH exit=8 stage=backup-health fault=backup-health
case=OPS-BK-FAIL-PUBLISH exit=8 stage=backup-publish fault=backup-publish
case=OPS-BK-HALF-PACKAGE-CLEANUP exit=8 stage=backup-publish fault=backup-half-package
case=OPS-BK-APP-ABSENT exit=5 stage=target-identity fault=app-state-absent
case=OPS-BK-APP-CREATED exit=5 stage=target-identity fault=app-state-created
case=OPS-BK-APP-PAUSED exit=5 stage=target-identity fault=app-state-paused
case=OPS-BK-APP-RESTARTING exit=5 stage=target-identity fault=app-state-restarting
case=OPS-BK-APP-REMOVING exit=5 stage=target-identity fault=app-state-removing
case=OPS-BK-APP-DEAD exit=5 stage=target-identity fault=app-state-dead
case=OPS-BK-APP-UNKNOWN exit=5 stage=target-identity fault=app-state-unknown
case=OPS-LOCK-IMAGE-VOLUME exit=5 stage=image-safety fault=image-declared-volume
case=OPS-LOCK-NETWORK-DEFAULT exit=7 stage=lock-post-inspect fault=lock-invariant-network
case=OPS-LOCK-MOUNT-INVALID exit=7 stage=lock-post-inspect fault=lock-invariant-mount
case=OPS-LOCK-LABEL-INVALID exit=7 stage=lock-post-inspect fault=lock-invariant-label
case=OPS-LOCK-STATE-INVALID exit=7 stage=lock-post-inspect fault=lock-invariant-state
case=OPS-LOCK-BUSY exit=7 stage=lock-acquire fault=none
case=OPS-LOCK-STALE-LIVEPID exit=7 stage=lock-acquire fault=none
case=OPS-LOCK-STALE-HELPER exit=7 stage=lock-acquire fault=none
case=OPS-LOCK-STALE-BREAK-OK exit=0 stage=complete fault=none
case=OPS-LOCK-RACE-DOUBLE-BREAKER exit=7 stage=lock-acquire fault=none
case=OPS-LOCK-RACE-BREAKER-ACQUIRE exit=7 stage=lock-acquire fault=none
case=OPS-LOCK-RACE-RELEASE-NEW exit=0 stage=complete fault=none
case=OPS-LOCK-RACE-DELAYED-HELPER exit=7 stage=helper-fence fault=none
case=OPS-LOCK-ALIAS-BK-BK exit=7 stage=lock-acquire fault=none
case=HARNESS-CANONICAL-PACKAGE exit=0 stage=complete fault=none
case=OPS-LOCK-ALIAS-BK-RS exit=7 stage=lock-acquire fault=none
case=OPS-CLEANUP-RESIDUAL exit=11 stage=cleanup fault=cleanup-residual
case=OPS-RS-SUCCESS-RUNNING exit=0 stage=complete fault=none
case=OPS-RS-SUCCESS-EXITED exit=0 stage=complete fault=none
case=OPS-RS-CMD-MISSING exit=6 stage=dependency-check fault=none
case=OPS-RS-PATH-EMPTY exit=9 stage=path-validate fault=none
case=OPS-RS-PATH-ROOT exit=9 stage=path-validate fault=none
case=OPS-RS-PATH-PROJECT-ROOT exit=9 stage=path-validate fault=none
case=OPS-RS-PATH-MISSING exit=9 stage=path-validate fault=none
case=OPS-RS-PATH-SYMLINK exit=9 stage=path-validate fault=none
case=OPS-RS-PATH-SPECIAL exit=9 stage=path-validate fault=none
case=OPS-RS-PATH-AVATAR-OVERLAP exit=5 stage=target-identity fault=overlap-avatar
case=OPS-RS-PATH-PG-OVERLAP exit=5 stage=target-identity fault=overlap-pg
case=OPS-RS-CHECKSUM exit=9 stage=package-validate fault=none
case=OPS-RS-SCHEMA exit=9 stage=package-validate fault=none
case=OPS-RS-SYMLINK exit=9 stage=package-validate fault=restore-input-symlink
case=OPS-RS-TAR-ABSOLUTE exit=9 stage=package-validate fault=none
case=OPS-RS-TAR-DOTDOT exit=9 stage=package-validate fault=none
case=OPS-RS-TAR-LINK exit=9 stage=package-validate fault=none
case=OPS-RS-TAR-DEVICE exit=9 stage=package-validate fault=none
case=OPS-RS-INPUT-CHANGED exit=9 stage=package-validate fault=none
case=OPS-RS-CONFIRM exit=9 stage=package-validate fault=none
case=OPS-RS-PROJECT exit=9 stage=package-validate fault=none
case=OPS-RS-SOURCE-IMAGE exit=5 stage=target-identity fault=source-image
case=OPS-RS-SOURCE-MOUNT exit=5 stage=target-identity fault=source-mount
case=OPS-RS-APP-ABSENT exit=5 stage=target-identity fault=app-state-absent
case=OPS-RS-APP-CREATED exit=5 stage=target-identity fault=app-state-created
case=OPS-RS-APP-PAUSED exit=5 stage=target-identity fault=app-state-paused
case=OPS-RS-APP-RESTARTING exit=5 stage=target-identity fault=app-state-restarting
case=OPS-RS-APP-REMOVING exit=5 stage=target-identity fault=app-state-removing
case=OPS-RS-APP-DEAD exit=5 stage=target-identity fault=app-state-dead
case=OPS-RS-APP-UNKNOWN exit=5 stage=target-identity fault=app-state-unknown
case=OPS-BK-SELECTOR-REMOTE exit=2 stage=endpoint-select fault=endpoint-tcp
case=OPS-BK-SELECTOR-CONFLICT exit=2 stage=endpoint-select fault=none
case=OPS-RS-SELECTOR-REMOTE exit=2 stage=endpoint-select fault=endpoint-tcp
case=OPS-RS-SELECTOR-CONFLICT exit=2 stage=endpoint-select fault=none
case=OPS-RS-FAIL-DB-REPLACE exit=10 stage=restore-db-replace fault=restore-db
case=OPS-RS-FAIL-AVATAR-REPLACE exit=10 stage=restore-avatar-replace fault=restore-avatar
case=OPS-RS-FAIL-VERIFY exit=10 stage=restore-verify fault=restore-verify
case=OPS-RS-FAIL-START exit=10 stage=restore-start fault=restore-start
case=OPS-RS-FAIL-HEALTH exit=10 stage=restore-health fault=restore-health
case=OPS-LOCK-ALIAS-RS-BK exit=7 stage=lock-acquire fault=none
case=OPS-LOCK-ALIAS-RS-RS exit=7 stage=lock-acquire fault=none
