CMD-001: make check
captured_at: 2026-07-23
exit_code: 0

cd frontend && npm run build

> frontend@0.0.0 build
> tsc -b && vite build

vite v8.1.3 building client environment for production...
[2Ktransforming...✓ 69 modules transformed.
rendering chunks...
computing gzip size...
dist/index.html                   0.75 kB │ gzip:   0.44 kB
dist/assets/index-xL3zlJ_T.css   31.42 kB │ gzip:   6.89 kB
dist/assets/index-Dup2l4HW.js   555.35 kB │ gzip: 163.95 kB

✓ built in 123ms
[plugin builtin:vite-reporter]
(!) Some chunks are larger than 500 kB after minification. Consider:
- Using dynamic import() to code-split the application
- Use build.rolldownOptions.output.codeSplitting to improve chunking: https://rolldown.rs/reference/OutputOptions.codeSplitting
- Adjust chunk size limit for this warning via build.chunkSizeWarningLimit.
rm -rf backend/internal/platform/webui/dist
cp -R frontend/dist backend/internal/platform/webui/dist
touch backend/internal/platform/webui/dist/.gitkeep
cd backend && go build ./...
cd backend && go build -o bin/server ./cmd/server
cd backend && golangci-lint run ./...
0 issues.
cd frontend && npm run lint

> frontend@0.0.0 lint
> oxlint

# Testcontainers 逐包并发会偶发丢失 PostgreSQL mapped port；串行 package/test 保持门禁稳定。
cd backend && go test -p=1 ./... -count=1 -parallel=1
?   	github.com/samson/customer-manage-platform/backend/cmd/avatar-manifest	[no test files]
?   	github.com/samson/customer-manage-platform/backend/cmd/migrate	[no test files]
ok  	github.com/samson/customer-manage-platform/backend/cmd/server	0.546s
ok  	github.com/samson/customer-manage-platform/backend/internal/customer	49.815s
ok  	github.com/samson/customer-manage-platform/backend/internal/customer/avatarbackup	0.581s
ok  	github.com/samson/customer-manage-platform/backend/internal/customer/avatarimage	0.483s
ok  	github.com/samson/customer-manage-platform/backend/internal/customer/avatarstore	1.357s
ok  	github.com/samson/customer-manage-platform/backend/internal/dashboard	2.790s
ok  	github.com/samson/customer-manage-platform/backend/internal/dataexport	7.210s
ok  	github.com/samson/customer-manage-platform/backend/internal/order	16.600s
ok  	github.com/samson/customer-manage-platform/backend/internal/package	7.865s
?   	github.com/samson/customer-manage-platform/backend/internal/platform/auth	[no test files]
?   	github.com/samson/customer-manage-platform/backend/internal/platform/clock	[no test files]
ok  	github.com/samson/customer-manage-platform/backend/internal/platform/config	0.495s
ok  	github.com/samson/customer-manage-platform/backend/internal/platform/httpapi	24.346s
ok  	github.com/samson/customer-manage-platform/backend/internal/platform/idempotency	1.813s
ok  	github.com/samson/customer-manage-platform/backend/internal/platform/store	19.581s
?   	github.com/samson/customer-manage-platform/backend/internal/platform/webui	[no test files]
ok  	github.com/samson/customer-manage-platform/backend/internal/reminder	7.881s
ok  	github.com/samson/customer-manage-platform/backend/internal/reminder/digest	27.956s
ok  	github.com/samson/customer-manage-platform/backend/internal/reminder/digest/telegram	0.469s
ok  	github.com/samson/customer-manage-platform/backend/internal/schedule	6.232s
?   	github.com/samson/customer-manage-platform/backend/internal/settings	[no test files]
cd frontend && npm run test:package-price

> frontend@0.0.0 test:package-price
> node --test --experimental-transform-types scripts/package-price.test.ts

(node:84894) ExperimentalWarning: Transform Types is an experimental feature and might change at any time
(Use `node --trace-warnings ...` to show where the warning was created)
✔ package price input accepts cents precision only (0.361458ms)
✔ package price validation rejects unsupported precision (0.12925ms)
✔ package price conversion does not round invalid precision (0.182542ms)
✔ package price cents display preserves editable decimal text (0.05375ms)
ℹ tests 4
ℹ suites 0
ℹ pass 4
ℹ fail 0
ℹ cancelled 0
ℹ skipped 0
ℹ todo 0
ℹ duration_ms 83.005541
cd frontend && npm run test:api-client

> frontend@0.0.0 test:api-client
> node --test --experimental-transform-types scripts/api-client.test.ts

(node:84919) ExperimentalWarning: Transform Types is an experimental feature and might change at any time
(Use `node --trace-warnings ...` to show where the warning was created)
✔ ApiError preserves generated typed details (10.069666ms)
✔ order client sends schedulable_at and Idempotency-Key (0.493042ms)
✔ schedule client sends range and per-attempt key (0.315209ms)
ℹ tests 3
ℹ suites 0
ℹ pass 3
ℹ fail 0
ℹ cancelled 0
ℹ skipped 0
ℹ todo 0
ℹ duration_ms 138.830541
cd frontend && npm run test:schedule

> frontend@0.0.0 test:schedule
> node --test --experimental-transform-types scripts/schedule.test.ts

(node:84944) ExperimentalWarning: Transform Types is an experimental feature and might change at any time
(Use `node --trace-warnings ...` to show where the warning was created)
✔ month grid starts Monday and always contains 42 days (2.527875ms)
✔ calendar query dates require a real calendar date, not only a matching shape (0.581833ms)
✔ slot projection preserves half-open local day membership (5.775125ms)
✔ account natural day follows 23 and 25 hour DST transitions (0.82325ms)
✔ nonexistent local time is rejected and repeated time requires occurrence (1.201084ms)
✔ account dates convert without browser timezone assumptions (0.25875ms)
✔ calendar model sorts stably and counts unique conflicts inside each local day (1.603542ms)
✔ pending journal and handoff draft use separate expiry boundaries (0.552875ms)
✔ a sent backfill request preserves its draft between the 2 and 24 hour boundaries (0.171875ms)
✔ an unrelated pending flow does not extend an expired backfill draft (0.5925ms)
✔ order_in_use details produce an account-timezone calendar deep link (0.189625ms)
✔ known slot recovery links include the account-local date for cross-month navigation (0.105166ms)
✔ status sync recovery derives the known slot date from its source draft (0.083959ms)
✔ malformed order_in_use details fall back to the calendar without guessing a date (0.032459ms)
✔ pending storage failure prevents the create request (0.18725ms)
✔ an existing tab flow blocks a second flow without overwriting it (0.066958ms)
✔ automatic replay keeps the original normalized body and attempt key (0.046792ms)
✔ expired pending flow cannot replay automatically (0.070375ms)
✔ request result knowledge follows the persisted phase facts (0.05725ms)
✔ create failure classification never treats an idempotency binding conflict as a new attempt (0.0375ms)
✔ deterministic failure rotates only the changed current step attempt (0.19425ms)
✔ backfill completion persists pending id, then draft id, then clears pending (0.13175ms)
✔ backfill local persistence retries do not repeat a known order request (0.224ms)
✔ schedule backfill timestamps are pruned by the final order status (0.068709ms)
✔ completed handoff restores the original local range, note, customer, and order (0.211083ms)
✔ schedule dialog stays closed during backfill handoff and reopens on return (0.053125ms)
✔ calendar drawer cannot cover an open schedule dialog (0.030375ms)
✔ recovery actions distinguish unknown, customer change, and status sync (0.081209ms)
✔ only path A can compensate its created order and expired recovery only abandons (0.051917ms)
✔ editing keeps the current scheduled order visible when it is excluded from candidates (0.045375ms)
✔ status sync searches refreshed customer pages before stable unfiltered fallback (0.144417ms)
✔ scheduled and later non-cancelled states satisfy status sync (0.039625ms)
ℹ tests 32
ℹ suites 0
ℹ pass 32
ℹ fail 0
ℹ cancelled 0
ℹ skipped 0
ℹ todo 0
ℹ duration_ms 155.901666
cd frontend && npm run test:avatar-layout

> frontend@0.0.0 test:avatar-layout
> node --test scripts/avatar-layout.test.mjs

✔ customer profile flex growth excludes the avatar (0.455042ms)
ℹ tests 1
ℹ suites 0
ℹ pass 1
ℹ fail 0
ℹ cancelled 0
ℹ skipped 0
ℹ todo 0
ℹ duration_ms 36.882958
cd frontend && npm run test:telegram-digest

> frontend@0.0.0 test:telegram-digest
> node --test --experimental-transform-types scripts/telegram-digest.test.ts

(node:85067) ExperimentalWarning: Transform Types is an experimental feature and might change at any time
(Use `node --trace-warnings ...` to show where the warning was created)
✔ bind-token API wrapper posts to the generated contract and never persists response (9.312083ms)
✔ deep-link opener uses noopener,noreferrer and reports popup blocking (0.105416ms)
✔ Settings page exposes binding states without rendering secrets or storage/log sinks (2.505667ms)
✔ Telegram binding card keeps mobile wrapping and keyboard focus contracts (0.444625ms)
ℹ tests 4
ℹ suites 0
ℹ pass 4
ℹ fail 0
ℹ cancelled 0
ℹ skipped 0
ℹ todo 0
ℹ duration_ms 92.103125
cd frontend && npm run test:data-export

> frontend@0.0.0 test:data-export
> node --test --experimental-transform-types scripts/data-export.test.ts

(node:85093) ExperimentalWarning: Transform Types is an experimental feature and might change at any time
(Use `node --trace-warnings ...` to show where the warning was created)
✔ fetchDataExport sends Bearer and returns a complete JSON Blob with the exact server filename (11.602125ms)
✔ fetchDataExport accepts only application/json base media type with legal parameters (2.161208ms)
✔ fetchDataExport accepts only the whole fixed filename and otherwise uses a safe UTC fallback (2.656917ms)
✔ fetchDataExport reuses ApiError for 500 and 401 responses (0.482791ms)
✔ body/blob rejection returns no result and download collaboration creates no object URL (0.152833ms)
✔ download collaboration triggers once and always releases its object URL (0.350292ms)
✔ DataExportCard exposes loading, retry, 401, PII, avatar, and persistence-safe contracts (1.286333ms)
✔ DataExportCard relies on native button keyboard behavior and shared mobile-safe styles (0.652459ms)
ℹ tests 8
ℹ suites 0
ℹ pass 8
ℹ fail 0
ℹ cancelled 0
ℹ skipped 0
ℹ todo 0
ℹ duration_ms 113.891542
cd frontend && npm run test:v1-hardening

> frontend@0.0.0 test:v1-hardening
> node --test --experimental-transform-types scripts/v1-hardening.test.ts

(node:85121) ExperimentalWarning: Transform Types is an experimental feature and might change at any time
(Use `node --trace-warnings ...` to show where the warning was created)
✔ page read states have one observable presentation in the fixed priority order (0.566958ms)
ℹ tests 1
ℹ suites 0
ℹ pass 1
ℹ fail 0
ℹ cancelled 0
ℹ skipped 0
ℹ todo 0
ℹ duration_ms 72.514667
./scripts/test-v1-ops-contract.sh
v1 ops catalog contract: passed (148 cases; negative corpus rejected)
cd backend && go tool oapi-codegen -config oapi-codegen.yaml ../api/openapi.yaml
cd frontend && npm run generate

> frontend@0.0.0 generate
> openapi-typescript ../api/openapi.yaml -o src/api/schema.d.ts

✨ openapi-typescript 7.13.0
🚀 ../api/openapi.yaml → src/api/schema.d.ts [43.8ms]
git diff --exit-code -- backend/internal/platform/httpapi/api.gen.go frontend/src/api/schema.d.ts
